
> bondspace@1.0.0 build
> cd frontend && npm run build


> bondspace-frontend@0.1.0 build
> next build

node.exe : ΓÜá `images.domains` is deprecated in favor of 
`images.remotePatterns`. Please update next.config.ts to protect your 
application from malicious users.
At C:\Program Files\nodejs\npm.ps1:29 char:3
+   & $NODE_EXE $NPM_CLI_JS $args
+   ~~~~~~~~~~~~~~~~~~~~~~~~~~~~~
    + CategoryInfo          : NotSpecified: (ΓÜá `images.dom...alicious users. 
   :String) [], RemoteException
    + FullyQualifiedErrorId : NativeCommandError
 
ΓÜá Warning: Next.js inferred your workspace root, but it may not be correct.
 We detected multiple lockfiles and selected the directory of 
C:\Users\ashwi\package-lock.json as the root directory.
 To silence this warning, set `turbopack.root` in your Next.js config, or 
consider removing one of the lockfiles if it's not needed.
   See https://nextjs.org/docs/app/api-reference/config/next-config-js/turbopac
k#root-directory for more information.
 Detected additional lockfiles: 
   * 
C:\Users\ashwi\.gemini\antigravity\scratch\bondspace\frontend\package-lock.json
   * C:\Users\ashwi\.gemini\antigravity\scratch\bondspace\package-lock.json

Γû▓ Next.js 16.1.6 (Turbopack)
- Environments: .env.local

  Creating an optimized production build ...
Γ£ô Compiled successfully in 13.5s
  Running TypeScript ...
Failed to compile.

./src/app/chat/anonymous/page.tsx:24:15
Type error: Argument of type '() => (() => Socket<DefaultEventsMap, 
DefaultEventsMap>) | undefined' is not assignable to parameter of type 
'EffectCallback'.
  Type '(() => Socket<DefaultEventsMap, DefaultEventsMap>) | undefined' is not 
assignable to type 'void | Destructor'.
    Type '() => Socket<DefaultEventsMap, DefaultEventsMap>' is not assignable 
to type 'void | Destructor'.
      Type '() => Socket<DefaultEventsMap, DefaultEventsMap>' is not 
assignable to type 'Destructor'.
        Type 'Socket<DefaultEventsMap, DefaultEventsMap>' is not assignable to 
type 'void | { [UNDEFINED_VOID_ONLY]: never; }'.

[0m [90m 22 |[39m     }[33m,[39m [])[33m;[39m
 [90m 23 |[39m
[31m[1m>[22m[39m[90m 24 |[39m     useEffect(() [33m=>[39m {
 [90m    |[39m               [31m[1m^[22m[39m
 [90m 25 |[39m         [36mif[39m ([33m![39msocket) 
[36mreturn[39m[33m;[39m
 [90m 26 |[39m         [36mconst[39m handleMatch [33m=[39m 
(data[33m:[39m { chat_id[33m:[39m string }) [33m=>[39m {
 [90m 27 |[39m             
setActiveChatId(data[33m.[39mchat_id)[33m;[39m[0m
Next.js build worker exited with code: 1 and signal: null
